🚀 Iniciando entorno RODEO en /Users/javi/RODEO...
📂 Iniciando Frontend en localhost:3000...
📂 Iniciando Backend en localhost:3001...
📂 Iniciando Parser Service en localhost:8000...
✅ Todos los servicios se están iniciando en segundo plano.
Frontend: http://localhost:3000
Backend: http://localhost:3001
Parser: http://localhost:8000
[dotenv@17.3.1] injecting env (3) from .env -- tip: ⚙️  suppress all logs with { quiet: true }

> frontend@0.1.0 dev
> next dev --webpack

Backend server listening on port 3001
▲ Next.js 16.2.1 (webpack)
- Local:         http://localhost:3000
- Network:       http://192.168.100.5:3000
- Environments: .env.local, .env
✓ Ready in 195ms
/Users/javi/RODEO/parser_service/venv/lib/python3.9/site-packages/google/auth/__init__.py:54: FutureWarning: You are using a Python version 3.9 past its end of life. Google will update google-auth with critical bug fixes on a best-effort basis, but not with any other fixes or features. Please upgrade your Python version, and then update google-auth.
  warnings.warn(eol_message.format("3.9"), FutureWarning)
/Users/javi/RODEO/parser_service/venv/lib/python3.9/site-packages/urllib3/__init__.py:35: NotOpenSSLWarning: urllib3 v2 only supports OpenSSL 1.1.1+, currently the 'ssl' module is compiled with 'LibreSSL 2.8.3'. See: https://github.com/urllib3/urllib3/issues/3020
  warnings.warn(
/Users/javi/RODEO/parser_service/venv/lib/python3.9/site-packages/google/oauth2/__init__.py:40: FutureWarning: You are using a Python version 3.9 past its end of life. Google will update google-auth with critical bug fixes on a best-effort basis, but not with any other fixes or features. Please upgrade your Python version, and then update google-auth.
  warnings.warn(eol_message.format("3.9"), FutureWarning)
⚠ Warning: Next.js inferred your workspace root, but it may not be correct.
 We detected multiple lockfiles and selected the directory of /Users/javi/RODEO/package-lock.json as the root directory.
 To silence this warning, set `outputFileTracingRoot` in your Next.js config, or consider removing one of the lockfiles if it's not needed.
   See https://nextjs.org/docs/app/api-reference/config/next-config-js/output#caveats for more information.
 Detected additional lockfiles: 
   * /Users/javi/RODEO/frontend/package-lock.json

INFO:     Started server process [12947]
INFO:     Waiting for application startup.
INFO:     Application startup complete.
INFO:     Uvicorn running on http://0.0.0.0:8000 (Press CTRL+C to quit)
 ○ (pwa) PWA support is disabled.
⚠ The "middleware" file convention is deprecated. Please use "proxy" instead. Learn more: https://nextjs.org/docs/messages/middleware-to-proxy

[browser] [SW] Registro fallido (no crítico): TypeError: Failed to register a ServiceWorker for scope ('http://localhost:3000/') with script ('http://localhost:3000/sw.js'): A bad HTTP response code (404) was received when fetching the script.
TypeError: Failed to register a ServiceWorker for scope ('http://localhost:3000/') with script ('http://localhost:3000/sw.js'): A bad HTTP response code (404) was received when fetching the script. (webpack-internal:///(app-pages-browser)
 GET /login 200 in 2.4s (next.js: 2.3s, proxy.ts: 61ms, application-code: 117ms)
 GET /sw.js 404 in 395ms (next.js: 336ms, proxy.ts: 3ms, application-code: 55ms)
 GET /login 200 in 18ms (next.js: 5ms, proxy.ts: 4ms, application-code: 9ms)
